
> onestack@0.0.0 build
> tsc -b && vite build

src/components/Feed/PostCard.tsx(7,1): error TS6133: 'useAuth' is declared but its value is never read.
src/components/Feed/PostCard.tsx(8,1): error TS6192: All imports in import declaration are unused.
src/services/feedService.ts(30,7): error TS6133: 'COMMENTS_PER_PAGE' is declared but its value is never read.
src/services/feedService.ts(151,57): error TS2698: Spread types may only be created from object types.
src/services/feedService.ts(201,9): error TS6133: 'postRef' is declared but its value is never read.
src/services/feedService.ts(280,50): error TS6133: 'userId' is declared but its value is never read.
